Component: ARM Compiler 6.14 Tool: armlink [5db06800]

==============================================================================

Section Cross References

    startup_stm32f103xb.o(STACK) refers (Special) to heapauxi.o(.text) for __use_two_region_memory
    startup_stm32f103xb.o(HEAP) refers (Special) to heapauxi.o(.text) for __use_two_region_memory
    startup_stm32f103xb.o(RESET) refers (Special) to heapauxi.o(.text) for __use_two_region_memory
    startup_stm32f103xb.o(RESET) refers to startup_stm32f103xb.o(STACK) for __initial_sp
    startup_stm32f103xb.o(RESET) refers to startup_stm32f103xb.o(.text) for Reset_Handler
    startup_stm32f103xb.o(RESET) refers to lto-llvm-79ddc0.o(.text.NMI_Handler) for NMI_Handler
    startup_stm32f103xb.o(RESET) refers to lto-llvm-79ddc0.o(.text.HardFault_Handler) for HardFault_Handler
    startup_stm32f103xb.o(RESET) refers to lto-llvm-79ddc0.o(.text.MemManage_Handler) for MemManage_Handler
    startup_stm32f103xb.o(RESET) refers to lto-llvm-79ddc0.o(.text.BusFault_Handler) for BusFault_Handler
    startup_stm32f103xb.o(RESET) refers to lto-llvm-79ddc0.o(.text.UsageFault_Handler) for UsageFault_Handler
    startup_stm32f103xb.o(RESET) refers to lto-llvm-79ddc0.o(.text.SVC_Handler) for SVC_Handler
    startup_stm32f103xb.o(RESET) refers to lto-llvm-79ddc0.o(.text.DebugMon_Handler) for DebugMon_Handler
    startup_stm32f103xb.o(RESET) refers to lto-llvm-79ddc0.o(.text.PendSV_Handler) for PendSV_Handler
    startup_stm32f103xb.o(RESET) refers to lto-llvm-79ddc0.o(.text.SysTick_Handler) for SysTick_Handler
    startup_stm32f103xb.o(RESET) refers to lto-llvm-79ddc0.o(.text.EXTI9_5_IRQHandler) for EXTI9_5_IRQHandler
    startup_stm32f103xb.o(RESET) refers to lto-llvm-79ddc0.o(.text.TIM1_BRK_IRQHandler) for TIM1_BRK_IRQHandler
    startup_stm32f103xb.o(RESET) refers to lto-llvm-79ddc0.o(.text.TIM1_UP_IRQHandler) for TIM1_UP_IRQHandler
    startup_stm32f103xb.o(RESET) refers to lto-llvm-79ddc0.o(.text.USART1_IRQHandler) for USART1_IRQHandler
    startup_stm32f103xb.o(RESET) refers to lto-llvm-79ddc0.o(.text.USART2_IRQHandler) for USART2_IRQHandler
    startup_stm32f103xb.o(RESET) refers to lto-llvm-79ddc0.o(.text.USART3_IRQHandler) for USART3_IRQHandler
    startup_stm32f103xb.o(.text) refers (Special) to heapauxi.o(.text) for __use_two_region_memory
    startup_stm32f103xb.o(.text) refers to lto-llvm-79ddc0.o(.text.SystemInit) for SystemInit
    startup_stm32f103xb.o(.text) refers to __main.o(!!!main) for __main
    startup_stm32f103xb.o(.text) refers to startup_stm32f103xb.o(HEAP) for Heap_Mem
    startup_stm32f103xb.o(.text) refers to startup_stm32f103xb.o(STACK) for Stack_Mem
    __main.o(!!!main) refers to __rtentry.o(.ARM.Collect$$rtentry$$00000000) for __rt_entry
    __rtentry.o(.ARM.Collect$$rtentry$$00000000) refers (Special) to __rtentry2.o(.ARM.Collect$$rtentry$$0000000A) for __rt_entry_li
    __rtentry.o(.ARM.Collect$$rtentry$$00000000) refers (Special) to __rtentry2.o(.ARM.Collect$$rtentry$$0000000D) for __rt_entry_main
    __rtentry.o(.ARM.Collect$$rtentry$$00000000) refers (Special) to __rtentry2.o(.ARM.Collect$$rtentry$$0000000C) for __rt_entry_postli_1
    __rtentry.o(.ARM.Collect$$rtentry$$00000000) refers (Special) to __rtentry2.o(.ARM.Collect$$rtentry$$00000009) for __rt_entry_postsh_1
    __rtentry.o(.ARM.Collect$$rtentry$$00000000) refers (Special) to __rtentry2.o(.ARM.Collect$$rtentry$$00000002) for __rt_entry_presh_1
    __rtentry.o(.ARM.Collect$$rtentry$$00000000) refers (Special) to __rtentry4.o(.ARM.Collect$$rtentry$$00000004) for __rt_entry_sh
    __rtentry2.o(.ARM.Collect$$rtentry$$00000008) refers to boardinit2.o(.text) for _platform_post_stackheap_init
    __rtentry2.o(.ARM.Collect$$rtentry$$0000000A) refers to libinit.o(.ARM.Collect$$libinit$$00000000) for __rt_lib_init
    __rtentry2.o(.ARM.Collect$$rtentry$$0000000B) refers to boardinit3.o(.text) for _platform_post_lib_init
    __rtentry2.o(.ARM.Collect$$rtentry$$0000000D) refers to lto-llvm-79ddc0.o(.text.main) for main
    __rtentry2.o(.ARM.Collect$$rtentry$$0000000D) refers to exit.o(.text) for exit
    __rtentry2.o(.ARM.exidx) refers to __rtentry2.o(.ARM.Collect$$rtentry$$00000001) for .ARM.Collect$$rtentry$$00000001
    __rtentry2.o(.ARM.exidx) refers to __rtentry2.o(.ARM.Collect$$rtentry$$00000008) for .ARM.Collect$$rtentry$$00000008
    __rtentry2.o(.ARM.exidx) refers to __rtentry2.o(.ARM.Collect$$rtentry$$0000000A) for .ARM.Collect$$rtentry$$0000000A
    __rtentry2.o(.ARM.exidx) refers to __rtentry2.o(.ARM.Collect$$rtentry$$0000000B) for .ARM.Collect$$rtentry$$0000000B
    __rtentry2.o(.ARM.exidx) refers to __rtentry2.o(.ARM.Collect$$rtentry$$0000000D) for .ARM.Collect$$rtentry$$0000000D
    __rtentry4.o(.ARM.Collect$$rtentry$$00000004) refers to sys_stackheap_outer.o(.text) for __user_setup_stackheap
    __rtentry4.o(.ARM.exidx) refers to __rtentry4.o(.ARM.Collect$$rtentry$$00000004) for .ARM.Collect$$rtentry$$00000004
    sys_stackheap_outer.o(.text) refers to libspace.o(.text) for __user_perproc_libspace
    sys_stackheap_outer.o(.text) refers to startup_stm32f103xb.o(.text) for __user_initial_stackheap
    exit.o(.text) refers to rtexit.o(.ARM.Collect$$rtexit$$00000000) for __rt_exit
    libinit.o(.ARM.Collect$$libinit$$00000000) refers (Special) to libinit2.o(.ARM.Collect$$libinit$$0000002E) for __rt_lib_init_alloca_1
    libinit.o(.ARM.Collect$$libinit$$00000000) refers (Special) to libinit2.o(.ARM.Collect$$libinit$$0000002C) for __rt_lib_init_argv_1
    libinit.o(.ARM.Collect$$libinit$$00000000) refers (Special) to libinit2.o(.ARM.Collect$$libinit$$0000001B) for __rt_lib_init_atexit_1
    libinit.o(.ARM.Collect$$libinit$$00000000) refers (Special) to libinit2.o(.ARM.Collect$$libinit$$00000021) for __rt_lib_init_clock_1
    libinit.o(.ARM.Collect$$libinit$$00000000) refers (Special) to libinit2.o(.ARM.Collect$$libinit$$00000032) for __rt_lib_init_cpp_1
    libinit.o(.ARM.Collect$$libinit$$00000000) refers (Special) to libinit2.o(.ARM.Collect$$libinit$$00000030) for __rt_lib_init_exceptions_1
    libinit.o(.ARM.Collect$$libinit$$00000000) refers (Special) to libinit2.o(.ARM.Collect$$libinit$$00000002) for __rt_lib_init_fp_1
    libinit.o(.ARM.Collect$$libinit$$00000000) refers (Special) to libinit2.o(.ARM.Collect$$libinit$$0000001F) for __rt_lib_init_fp_trap_1
    libinit.o(.ARM.Collect$$libinit$$00000000) refers (Special) to libinit2.o(.ARM.Collect$$libinit$$00000023) for __rt_lib_init_getenv_1
    libinit.o(.ARM.Collect$$libinit$$00000000) refers (Special) to libinit2.o(.ARM.Collect$$libinit$$0000000A) for __rt_lib_init_heap_1
    libinit.o(.ARM.Collect$$libinit$$00000000) refers (Special) to libinit2.o(.ARM.Collect$$libinit$$00000011) for __rt_lib_init_lc_collate_1
    libinit.o(.ARM.Collect$$libinit$$00000000) refers (Special) to libinit2.o(.ARM.Collect$$libinit$$00000013) for __rt_lib_init_lc_ctype_1
    libinit.o(.ARM.Collect$$libinit$$00000000) refers (Special) to libinit2.o(.ARM.Collect$$libinit$$00000015) for __rt_lib_init_lc_monetary_1
    libinit.o(.ARM.Collect$$libinit$$00000000) refers (Special) to libinit2.o(.ARM.Collect$$libinit$$00000017) for __rt_lib_init_lc_numeric_1
    libinit.o(.ARM.Collect$$libinit$$00000000) refers (Special) to libinit2.o(.ARM.Collect$$libinit$$00000019) for __rt_lib_init_lc_time_1
    libinit.o(.ARM.Collect$$libinit$$00000000) refers (Special) to libinit2.o(.ARM.Collect$$libinit$$00000004) for __rt_lib_init_preinit_1
    libinit.o(.ARM.Collect$$libinit$$00000000) refers (Special) to libinit2.o(.ARM.Collect$$libinit$$0000000E) for __rt_lib_init_rand_1
    libinit.o(.ARM.Collect$$libinit$$00000000) refers (Special) to libinit2.o(.ARM.Collect$$libinit$$00000033) for __rt_lib_init_return
    libinit.o(.ARM.Collect$$libinit$$00000000) refers (Special) to libinit2.o(.ARM.Collect$$libinit$$0000001D) for __rt_lib_init_signal_1
    libinit.o(.ARM.Collect$$libinit$$00000000) refers (Special) to libinit2.o(.ARM.Collect$$libinit$$00000025) for __rt_lib_init_stdio_1
    libinit.o(.ARM.Collect$$libinit$$00000000) refers (Special) to libinit2.o(.ARM.Collect$$libinit$$0000000C) for __rt_lib_init_user_alloc_1
    libspace.o(.text) refers to libspace.o(.bss) for __libspace_start
    rtexit.o(.ARM.Collect$$rtexit$$00000000) refers (Special) to rtexit2.o(.ARM.Collect$$rtexit$$00000004) for __rt_exit_exit
    rtexit.o(.ARM.Collect$$rtexit$$00000000) refers (Special) to rtexit2.o(.ARM.Collect$$rtexit$$00000003) for __rt_exit_ls
    rtexit.o(.ARM.Collect$$rtexit$$00000000) refers (Special) to rtexit2.o(.ARM.Collect$$rtexit$$00000002) for __rt_exit_prels_1
    rtexit.o(.ARM.exidx) refers (Special) to rtexit2.o(.ARM.Collect$$rtexit$$00000004) for __rt_exit_exit
    rtexit.o(.ARM.exidx) refers (Special) to rtexit2.o(.ARM.Collect$$rtexit$$00000003) for __rt_exit_ls
    rtexit.o(.ARM.exidx) refers (Special) to rtexit2.o(.ARM.Collect$$rtexit$$00000002) for __rt_exit_prels_1
    rtexit.o(.ARM.exidx) refers to rtexit.o(.ARM.Collect$$rtexit$$00000000) for .ARM.Collect$$rtexit$$00000000
    libinit2.o(.ARM.Collect$$libinit$$00000010) refers to libinit2.o(.ARM.Collect$$libinit$$0000000F) for .ARM.Collect$$libinit$$0000000F
    libinit2.o(.ARM.Collect$$libinit$$00000012) refers to libinit2.o(.ARM.Collect$$libinit$$0000000F) for .ARM.Collect$$libinit$$0000000F
    libinit2.o(.ARM.Collect$$libinit$$00000014) refers to libinit2.o(.ARM.Collect$$libinit$$0000000F) for .ARM.Collect$$libinit$$0000000F
    libinit2.o(.ARM.Collect$$libinit$$00000016) refers to libinit2.o(.ARM.Collect$$libinit$$0000000F) for .ARM.Collect$$libinit$$0000000F
    libinit2.o(.ARM.Collect$$libinit$$00000018) refers to libinit2.o(.ARM.Collect$$libinit$$0000000F) for .ARM.Collect$$libinit$$0000000F
    libinit2.o(.ARM.Collect$$libinit$$00000026) refers to argv_veneer.o(.emb_text) for __ARM_argv_veneer
    libinit2.o(.ARM.Collect$$libinit$$00000027) refers to argv_veneer.o(.emb_text) for __ARM_argv_veneer
    rtexit2.o(.ARM.Collect$$rtexit$$00000003) refers to libshutdown.o(.ARM.Collect$$libshutdown$$00000000) for __rt_lib_shutdown
    rtexit2.o(.ARM.Collect$$rtexit$$00000004) refers to sys_exit.o(.text) for _sys_exit
    rtexit2.o(.ARM.exidx) refers to rtexit2.o(.ARM.Collect$$rtexit$$00000001) for .ARM.Collect$$rtexit$$00000001
    rtexit2.o(.ARM.exidx) refers to rtexit2.o(.ARM.Collect$$rtexit$$00000003) for .ARM.Collect$$rtexit$$00000003
    rtexit2.o(.ARM.exidx) refers to rtexit2.o(.ARM.Collect$$rtexit$$00000004) for .ARM.Collect$$rtexit$$00000004
    argv_veneer.o(.emb_text) refers to no_argv.o(.text) for __ARM_get_argv
    sys_exit.o(.text) refers (Special) to use_no_semi.o(.text) for __I$use$semihosting
    sys_exit.o(.text) refers (Special) to indicate_semi.o(.text) for __semihosting_library_function
    sys_exit_hlt.o(.text) refers (Special) to use_no_semi.o(.text) for __I$use$semihosting
    sys_exit_hlt.o(.text) refers (Special) to indicate_semi.o(.text) for __semihosting_library_function
    _get_argv_nomalloc.o(.text) refers (Special) to hrguard.o(.text) for __heap_region$guard
    _get_argv_nomalloc.o(.text) refers to defsig_rtmem_outer.o(.text) for __rt_SIGRTMEM
    _get_argv_nomalloc.o(.text) refers to sys_command.o(.text) for _sys_command_string
    libshutdown.o(.ARM.Collect$$libshutdown$$00000000) refers (Special) to libshutdown2.o(.ARM.Collect$$libshutdown$$00000002) for __rt_lib_shutdown_cpp_1
    libshutdown.o(.ARM.Collect$$libshutdown$$00000000) refers (Special) to libshutdown2.o(.ARM.Collect$$libshutdown$$00000007) for __rt_lib_shutdown_fp_trap_1
    libshutdown.o(.ARM.Collect$$libshutdown$$00000000) refers (Special) to libshutdown2.o(.ARM.Collect$$libshutdown$$0000000F) for __rt_lib_shutdown_heap_1
    libshutdown.o(.ARM.Collect$$libshutdown$$00000000) refers (Special) to libshutdown2.o(.ARM.Collect$$libshutdown$$00000010) for __rt_lib_shutdown_return
    libshutdown.o(.ARM.Collect$$libshutdown$$00000000) refers (Special) to libshutdown2.o(.ARM.Collect$$libshutdown$$0000000A) for __rt_lib_shutdown_signal_1
    libshutdown.o(.ARM.Collect$$libshutdown$$00000000) refers (Special) to libshutdown2.o(.ARM.Collect$$libshutdown$$00000004) for __rt_lib_shutdown_stdio_1
    libshutdown.o(.ARM.Collect$$libshutdown$$00000000) refers (Special) to libshutdown2.o(.ARM.Collect$$libshutdown$$0000000C) for __rt_lib_shutdown_user_alloc_1
    sys_command.o(.text) refers (Special) to use_no_semi.o(.text) for __I$use$semihosting
    sys_command.o(.text) refers (Special) to indicate_semi.o(.text) for __semihosting_library_function
    sys_command_hlt.o(.text) refers (Special) to use_no_semi.o(.text) for __I$use$semihosting
    sys_command_hlt.o(.text) refers (Special) to indicate_semi.o(.text) for __semihosting_library_function
    defsig_rtmem_outer.o(.text) refers to defsig_rtmem_inner.o(.text) for __rt_SIGRTMEM_inner
    defsig_rtmem_outer.o(.text) refers to defsig_exit.o(.text) for __sig_exit
    defsig_rtmem_formal.o(.text) refers to rt_raise.o(.text) for __rt_raise
    rt_raise.o(.text) refers to __raise.o(.text) for __raise
    rt_raise.o(.text) refers to sys_exit.o(.text) for _sys_exit
    defsig_exit.o(.text) refers to sys_exit.o(.text) for _sys_exit
    defsig_rtmem_inner.o(.text) refers to defsig_general.o(.text) for __default_signal_display
    __raise.o(.text) refers to defsig.o(CL$$defsig) for __default_signal_handler
    defsig_general.o(.text) refers to sys_wrch.o(.text) for _ttywrch
    sys_wrch.o(.text) refers (Special) to use_no_semi.o(.text) for __I$use$semihosting
    sys_wrch.o(.text) refers (Special) to indicate_semi.o(.text) for __semihosting_library_function
    sys_wrch_hlt.o(.text) refers (Special) to use_no_semi.o(.text) for __I$use$semihosting
    sys_wrch_hlt.o(.text) refers (Special) to indicate_semi.o(.text) for __semihosting_library_function
    defsig.o(CL$$defsig) refers to defsig_rtmem_inner.o(.text) for __rt_SIGRTMEM_inner
    defsig_abrt_inner.o(.text) refers to defsig_general.o(.text) for __default_signal_display
    defsig_fpe_inner.o(.text) refers to defsig_general.o(.text) for __default_signal_display
    defsig_rtred_inner.o(.text) refers to defsig_general.o(.text) for __default_signal_display
    defsig_stak_inner.o(.text) refers to defsig_general.o(.text) for __default_signal_display
    defsig_pvfn_inner.o(.text) refers to defsig_general.o(.text) for __default_signal_display
    defsig_cppl_inner.o(.text) refers to defsig_general.o(.text) for __default_signal_display
    defsig_segv_inner.o(.text) refers to defsig_general.o(.text) for __default_signal_display
    defsig_other.o(.text) refers to defsig_general.o(.text) for __default_signal_display
    lto-llvm-79ddc0.o(.text.main) refers to lto-llvm-79ddc0.o(.data.SystemCoreClock) for SystemCoreClock
    lto-llvm-79ddc0.o(.text.main) refers to lto-llvm-79ddc0.o(.bss.uwTickPrio) for uwTickPrio
    lto-llvm-79ddc0.o(.text.main) refers to lto-llvm-79ddc0.o(.bss.uwTick) for uwTick
    lto-llvm-79ddc0.o(.text.main) refers to lto-llvm-79ddc0.o(.text.HAL_GPIO_Init) for HAL_GPIO_Init
    lto-llvm-79ddc0.o(.text.main) refers to lto-llvm-79ddc0.o(.bss.huart1) for huart1
    lto-llvm-79ddc0.o(.text.main) refers to lto-llvm-79ddc0.o(.text.HAL_UART_Init) for HAL_UART_Init
    lto-llvm-79ddc0.o(.text.main) refers to lto-llvm-79ddc0.o(.bss.htim1) for htim1
    lto-llvm-79ddc0.o(.text.main) refers to lto-llvm-79ddc0.o(.text.HAL_TIM_Base_Init) for HAL_TIM_Base_Init
    lto-llvm-79ddc0.o(.text.main) refers to lto-llvm-79ddc0.o(.text.HAL_TIM_ConfigClockSource) for HAL_TIM_ConfigClockSource
    lto-llvm-79ddc0.o(.text.main) refers to lto-llvm-79ddc0.o(.text.HAL_TIM_OnePulse_Init) for HAL_TIM_OnePulse_Init
    lto-llvm-79ddc0.o(.text.main) refers to lto-llvm-79ddc0.o(.bss.huart2) for huart2
    lto-llvm-79ddc0.o(.text.main) refers to lto-llvm-79ddc0.o(.bss.huart3) for huart3
    lto-llvm-79ddc0.o(.text.main) refers to lto-llvm-79ddc0.o(.bss.htim2) for htim2
    lto-llvm-79ddc0.o(.ARM.exidx.text.main) refers to lto-llvm-79ddc0.o(.text.main) for [Anonymous Symbol]
    lto-llvm-79ddc0.o(.ARM.exidx.text.NMI_Handler) refers to lto-llvm-79ddc0.o(.text.NMI_Handler) for [Anonymous Symbol]
    lto-llvm-79ddc0.o(.ARM.exidx.text.HardFault_Handler) refers to lto-llvm-79ddc0.o(.text.HardFault_Handler) for [Anonymous Symbol]
    lto-llvm-79ddc0.o(.ARM.exidx.text.MemManage_Handler) refers to lto-llvm-79ddc0.o(.text.MemManage_Handler) for [Anonymous Symbol]
    lto-llvm-79ddc0.o(.ARM.exidx.text.BusFault_Handler) refers to lto-llvm-79ddc0.o(.text.BusFault_Handler) for [Anonymous Symbol]
    lto-llvm-79ddc0.o(.ARM.exidx.text.UsageFault_Handler) refers to lto-llvm-79ddc0.o(.text.UsageFault_Handler) for [Anonymous Symbol]
    lto-llvm-79ddc0.o(.ARM.exidx.text.SVC_Handler) refers to lto-llvm-79ddc0.o(.text.SVC_Handler) for [Anonymous Symbol]
    lto-llvm-79ddc0.o(.ARM.exidx.text.DebugMon_Handler) refers to lto-llvm-79ddc0.o(.text.DebugMon_Handler) for [Anonymous Symbol]
    lto-llvm-79ddc0.o(.ARM.exidx.text.PendSV_Handler) refers to lto-llvm-79ddc0.o(.text.PendSV_Handler) for [Anonymous Symbol]
    lto-llvm-79ddc0.o(.text.SysTick_Handler) refers to lto-llvm-79ddc0.o(.bss.uwTick) for uwTick
    lto-llvm-79ddc0.o(.ARM.exidx.text.SysTick_Handler) refers to lto-llvm-79ddc0.o(.text.SysTick_Handler) for [Anonymous Symbol]
    lto-llvm-79ddc0.o(.ARM.exidx.text.EXTI9_5_IRQHandler) refers to lto-llvm-79ddc0.o(.text.EXTI9_5_IRQHandler) for [Anonymous Symbol]
    lto-llvm-79ddc0.o(.text.TIM1_BRK_IRQHandler) refers to lto-llvm-79ddc0.o(.text.HAL_TIM_IRQHandler) for HAL_TIM_IRQHandler
    lto-llvm-79ddc0.o(.ARM.exidx.text.TIM1_BRK_IRQHandler) refers to lto-llvm-79ddc0.o(.text.TIM1_BRK_IRQHandler) for [Anonymous Symbol]
    lto-llvm-79ddc0.o(.text.TIM1_UP_IRQHandler) refers to lto-llvm-79ddc0.o(.text.HAL_TIM_IRQHandler) for HAL_TIM_IRQHandler
    lto-llvm-79ddc0.o(.ARM.exidx.text.TIM1_UP_IRQHandler) refers to lto-llvm-79ddc0.o(.text.TIM1_UP_IRQHandler) for [Anonymous Symbol]
    lto-llvm-79ddc0.o(.text.USART1_IRQHandler) refers to lto-llvm-79ddc0.o(.bss.huart1) for huart1
    lto-llvm-79ddc0.o(.text.USART1_IRQHandler) refers to lto-llvm-79ddc0.o(.text.HAL_UART_IRQHandler) for HAL_UART_IRQHandler
    lto-llvm-79ddc0.o(.ARM.exidx.text.USART1_IRQHandler) refers to lto-llvm-79ddc0.o(.text.USART1_IRQHandler) for [Anonymous Symbol]
    lto-llvm-79ddc0.o(.text.USART2_IRQHandler) refers to lto-llvm-79ddc0.o(.bss.huart2) for huart2
    lto-llvm-79ddc0.o(.text.USART2_IRQHandler) refers to lto-llvm-79ddc0.o(.text.HAL_UART_IRQHandler) for HAL_UART_IRQHandler
    lto-llvm-79ddc0.o(.ARM.exidx.text.USART2_IRQHandler) refers to lto-llvm-79ddc0.o(.text.USART2_IRQHandler) for [Anonymous Symbol]
    lto-llvm-79ddc0.o(.text.USART3_IRQHandler) refers to lto-llvm-79ddc0.o(.bss.huart3) for huart3
    lto-llvm-79ddc0.o(.text.USART3_IRQHandler) refers to lto-llvm-79ddc0.o(.text.HAL_UART_IRQHandler) for HAL_UART_IRQHandler
    lto-llvm-79ddc0.o(.ARM.exidx.text.USART3_IRQHandler) refers to lto-llvm-79ddc0.o(.text.USART3_IRQHandler) for [Anonymous Symbol]
    lto-llvm-79ddc0.o(.ARM.exidx.text.HAL_TIM_Base_Init) refers to lto-llvm-79ddc0.o(.text.HAL_TIM_Base_Init) for [Anonymous Symbol]
    lto-llvm-79ddc0.o(.ARM.exidx.text.HAL_TIM_OnePulse_Init) refers to lto-llvm-79ddc0.o(.text.HAL_TIM_OnePulse_Init) for [Anonymous Symbol]
    lto-llvm-79ddc0.o(.text.HAL_TIM_IRQHandler) refers to lto-llvm-79ddc0.o(.bss.htim1) for htim1
    lto-llvm-79ddc0.o(.ARM.exidx.text.HAL_TIM_IRQHandler) refers to lto-llvm-79ddc0.o(.text.HAL_TIM_IRQHandler) for [Anonymous Symbol]
    lto-llvm-79ddc0.o(.ARM.exidx.text.HAL_TIM_ConfigClockSource) refers to lto-llvm-79ddc0.o(.text.HAL_TIM_ConfigClockSource) for [Anonymous Symbol]
    lto-llvm-79ddc0.o(.ARM.exidx.text.HAL_GPIO_Init) refers to lto-llvm-79ddc0.o(.text.HAL_GPIO_Init) for [Anonymous Symbol]
    lto-llvm-79ddc0.o(.text.HAL_UART_Init) refers to lto-llvm-79ddc0.o(.text.HAL_GPIO_Init) for HAL_GPIO_Init
    lto-llvm-79ddc0.o(.text.HAL_UART_Init) refers to lto-llvm-79ddc0.o(.data.SystemCoreClock) for SystemCoreClock
    lto-llvm-79ddc0.o(.ARM.exidx.text.HAL_UART_Init) refers to lto-llvm-79ddc0.o(.text.HAL_UART_Init) for [Anonymous Symbol]
    lto-llvm-79ddc0.o(.text.HAL_UART_IRQHandler) refers to lto-llvm-79ddc0.o(.text.UART_Receive_IT) for UART_Receive_IT
    lto-llvm-79ddc0.o(.text.HAL_UART_IRQHandler) refers to lto-llvm-79ddc0.o(.text.UART_DMAAbortOnError) for UART_DMAAbortOnError
    lto-llvm-79ddc0.o(.ARM.exidx.text.HAL_UART_IRQHandler) refers to lto-llvm-79ddc0.o(.text.HAL_UART_IRQHandler) for [Anonymous Symbol]
    lto-llvm-79ddc0.o(.ARM.exidx.text.UART_Receive_IT) refers to lto-llvm-79ddc0.o(.text.UART_Receive_IT) for [Anonymous Symbol]
    lto-llvm-79ddc0.o(.ARM.exidx.text.UART_DMAAbortOnError) refers to lto-llvm-79ddc0.o(.text.UART_DMAAbortOnError) for [Anonymous Symbol]
    lto-llvm-79ddc0.o(.ARM.exidx.text.SystemInit) refers to lto-llvm-79ddc0.o(.text.SystemInit) for [Anonymous Symbol]


==============================================================================

Removing Unused input sections from the image.

    Removing lto-llvm-79ddc0.o(.text), (0 bytes).
    Removing lto-llvm-79ddc0.o(.ARM.exidx.text.main), (8 bytes).
    Removing lto-llvm-79ddc0.o(.ARM.exidx.text.NMI_Handler), (8 bytes).
    Removing lto-llvm-79ddc0.o(.ARM.exidx.text.HardFault_Handler), (8 bytes).
    Removing lto-llvm-79ddc0.o(.ARM.exidx.text.MemManage_Handler), (8 bytes).
    Removing lto-llvm-79ddc0.o(.ARM.exidx.text.BusFault_Handler), (8 bytes).
    Removing lto-llvm-79ddc0.o(.ARM.exidx.text.UsageFault_Handler), (8 bytes).
    Removing lto-llvm-79ddc0.o(.ARM.exidx.text.SVC_Handler), (8 bytes).
    Removing lto-llvm-79ddc0.o(.ARM.exidx.text.DebugMon_Handler), (8 bytes).
    Removing lto-llvm-79ddc0.o(.ARM.exidx.text.PendSV_Handler), (8 bytes).
    Removing lto-llvm-79ddc0.o(.ARM.exidx.text.SysTick_Handler), (8 bytes).
    Removing lto-llvm-79ddc0.o(.ARM.exidx.text.EXTI9_5_IRQHandler), (8 bytes).
    Removing lto-llvm-79ddc0.o(.ARM.exidx.text.TIM1_BRK_IRQHandler), (8 bytes).
    Removing lto-llvm-79ddc0.o(.ARM.exidx.text.TIM1_UP_IRQHandler), (8 bytes).
    Removing lto-llvm-79ddc0.o(.ARM.exidx.text.USART1_IRQHandler), (8 bytes).
    Removing lto-llvm-79ddc0.o(.ARM.exidx.text.USART2_IRQHandler), (8 bytes).
    Removing lto-llvm-79ddc0.o(.ARM.exidx.text.USART3_IRQHandler), (8 bytes).
    Removing lto-llvm-79ddc0.o(.ARM.exidx.text.HAL_TIM_Base_Init), (8 bytes).
    Removing lto-llvm-79ddc0.o(.ARM.exidx.text.HAL_TIM_OnePulse_Init), (8 bytes).
    Removing lto-llvm-79ddc0.o(.ARM.exidx.text.HAL_TIM_IRQHandler), (8 bytes).
    Removing lto-llvm-79ddc0.o(.ARM.exidx.text.HAL_TIM_ConfigClockSource), (8 bytes).
    Removing lto-llvm-79ddc0.o(.ARM.exidx.text.HAL_GPIO_Init), (8 bytes).
    Removing lto-llvm-79ddc0.o(.ARM.exidx.text.HAL_UART_Init), (8 bytes).
    Removing lto-llvm-79ddc0.o(.ARM.exidx.text.HAL_UART_IRQHandler), (8 bytes).
    Removing lto-llvm-79ddc0.o(.ARM.exidx.text.UART_Receive_IT), (8 bytes).
    Removing lto-llvm-79ddc0.o(.ARM.exidx.text.UART_DMAAbortOnError), (8 bytes).
    Removing lto-llvm-79ddc0.o(.ARM.exidx.text.SystemInit), (8 bytes).
    Removing lto-llvm-79ddc0.o(.ARM.use_no_argv), (4 bytes).

28 unused section(s) (total 212 bytes) removed from the image.

==============================================================================

Image Symbol Table

    Local Symbols

    Symbol Name                              Value     Ov Type        Size  Object(Section)

    ../clib/angel/boardlib.s                 0x00000000   Number         0  boardinit1.o ABSOLUTE
    ../clib/angel/boardlib.s                 0x00000000   Number         0  boardinit2.o ABSOLUTE
    ../clib/angel/boardlib.s                 0x00000000   Number         0  boardinit3.o ABSOLUTE
    ../clib/angel/boardlib.s                 0x00000000   Number         0  boardshut.o ABSOLUTE
    ../clib/angel/handlers.s                 0x00000000   Number         0  __scatter_copy.o ABSOLUTE
    ../clib/angel/handlers.s                 0x00000000   Number         0  __scatter_zi.o ABSOLUTE
    ../clib/angel/kernel.s                   0x00000000   Number         0  __rtentry.o ABSOLUTE
    ../clib/angel/kernel.s                   0x00000000   Number         0  __rtentry2.o ABSOLUTE
    ../clib/angel/kernel.s                   0x00000000   Number         0  __rtentry4.o ABSOLUTE
    ../clib/angel/kernel.s                   0x00000000   Number         0  rtexit.o ABSOLUTE
    ../clib/angel/kernel.s                   0x00000000   Number         0  rtexit2.o ABSOLUTE
    ../clib/angel/rt.s                       0x00000000   Number         0  rt_raise.o ABSOLUTE
    ../clib/angel/scatter.s                  0x00000000   Number         0  __scatter.o ABSOLUTE
    ../clib/angel/startup.s                  0x00000000   Number         0  __main.o ABSOLUTE
    ../clib/angel/sys.s                      0x00000000   Number         0  sys_stackheap_outer.o ABSOLUTE
    ../clib/angel/sys.s                      0x00000000   Number         0  libspace.o ABSOLUTE
    ../clib/angel/sys.s                      0x00000000   Number         0  use_no_semi.o ABSOLUTE
    ../clib/angel/sys.s                      0x00000000   Number         0  indicate_semi.o ABSOLUTE
    ../clib/angel/sysapp.c                   0x00000000   Number         0  sys_exit.o ABSOLUTE
    ../clib/angel/sysapp.c                   0x00000000   Number         0  sys_exit_hlt.o ABSOLUTE
    ../clib/angel/sysapp.c                   0x00000000   Number         0  sys_command.o ABSOLUTE
    ../clib/angel/sysapp.c                   0x00000000   Number         0  sys_command_hlt.o ABSOLUTE
    ../clib/angel/sysapp.c                   0x00000000   Number         0  sys_wrch.o ABSOLUTE
    ../clib/angel/sysapp.c                   0x00000000   Number         0  sys_wrch_hlt.o ABSOLUTE
    ../clib/armsys.c                         0x00000000   Number         0  argv_veneer.o ABSOLUTE
    ../clib/armsys.c                         0x00000000   Number         0  argv_veneer.o ABSOLUTE
    ../clib/armsys.c                         0x00000000   Number         0  _get_argv_nomalloc.o ABSOLUTE
    ../clib/armsys.c                         0x00000000   Number         0  no_argv.o ABSOLUTE
    ../clib/heapalloc.c                      0x00000000   Number         0  hrguard.o ABSOLUTE
    ../clib/heapaux.c                        0x00000000   Number         0  heapauxi.o ABSOLUTE
    ../clib/libinit.s                        0x00000000   Number         0  libinit.o ABSOLUTE
    ../clib/libinit.s                        0x00000000   Number         0  libinit2.o ABSOLUTE
    ../clib/libinit.s                        0x00000000   Number         0  libshutdown.o ABSOLUTE
    ../clib/libinit.s                        0x00000000   Number         0  libshutdown2.o ABSOLUTE
    ../clib/signal.c                         0x00000000   Number         0  defsig_rtmem_outer.o ABSOLUTE
    ../clib/signal.c                         0x00000000   Number         0  defsig_rtmem_formal.o ABSOLUTE
    ../clib/signal.c                         0x00000000   Number         0  defsig_exit.o ABSOLUTE
    ../clib/signal.c                         0x00000000   Number         0  defsig_rtmem_inner.o ABSOLUTE
    ../clib/signal.c                         0x00000000   Number         0  __raise.o ABSOLUTE
    ../clib/signal.c                         0x00000000   Number         0  defsig_general.o ABSOLUTE
    ../clib/signal.c                         0x00000000   Number         0  defsig_abrt_inner.o ABSOLUTE
    ../clib/signal.c                         0x00000000   Number         0  defsig_fpe_inner.o ABSOLUTE
    ../clib/signal.c                         0x00000000   Number         0  defsig_rtred_inner.o ABSOLUTE
    ../clib/signal.c                         0x00000000   Number         0  defsig_stak_inner.o ABSOLUTE
    ../clib/signal.c                         0x00000000   Number         0  defsig_pvfn_inner.o ABSOLUTE
    ../clib/signal.c                         0x00000000   Number         0  defsig_cppl_inner.o ABSOLUTE
    ../clib/signal.c                         0x00000000   Number         0  defsig_segv_inner.o ABSOLUTE
    ../clib/signal.c                         0x00000000   Number         0  defsig_other.o ABSOLUTE
    ../clib/signal.s                         0x00000000   Number         0  defsig.o ABSOLUTE
    ../clib/stdlib.c                         0x00000000   Number         0  exit.o ABSOLUTE
    ../fplib/fpinit.s                        0x00000000   Number         0  fpinit.o ABSOLUTE
    ../fplib/fpinit_empty.s                  0x00000000   Number         0  fpinit_empty.o ABSOLUTE
    dc.s                                     0x00000000   Number         0  dc.o ABSOLUTE
    ld-temp.o                                0x00000000   Number         0  lto-llvm-79ddc0.o ABSOLUTE
    startup_stm32f103xb.s                    0x00000000   Number         0  startup_stm32f103xb.o ABSOLUTE
    RESET                                    0x08000000   Section      236  startup_stm32f103xb.o(RESET)
    !!!main                                  0x080000ec   Section        8  __main.o(!!!main)
    !!!scatter                               0x080000f4   Section       52  __scatter.o(!!!scatter)
    !!handler_copy                           0x08000128   Section       26  __scatter_copy.o(!!handler_copy)
    !!handler_zi                             0x08000144   Section       28  __scatter_zi.o(!!handler_zi)
    .ARM.Collect$$libinit$$00000000          0x08000160   Section        2  libinit.o(.ARM.Collect$$libinit$$00000000)
    .ARM.Collect$$libinit$$00000002          0x08000162   Section        0  libinit2.o(.ARM.Collect$$libinit$$00000002)
    .ARM.Collect$$libinit$$00000004          0x08000162   Section        0  libinit2.o(.ARM.Collect$$libinit$$00000004)
    .ARM.Collect$$libinit$$0000000A          0x08000162   Section        0  libinit2.o(.ARM.Collect$$libinit$$0000000A)
    .ARM.Collect$$libinit$$0000000C          0x08000162   Section        0  libinit2.o(.ARM.Collect$$libinit$$0000000C)
    .ARM.Collect$$libinit$$0000000E          0x08000162   Section        0  libinit2.o(.ARM.Collect$$libinit$$0000000E)
    .ARM.Collect$$libinit$$00000011          0x08000162   Section        0  libinit2.o(.ARM.Collect$$libinit$$00000011)
    .ARM.Collect$$libinit$$00000013          0x08000162   Section        0  libinit2.o(.ARM.Collect$$libinit$$00000013)
    .ARM.Collect$$libinit$$00000015          0x08000162   Section        0  libinit2.o(.ARM.Collect$$libinit$$00000015)
    .ARM.Collect$$libinit$$00000017          0x08000162   Section        0  libinit2.o(.ARM.Collect$$libinit$$00000017)
    .ARM.Collect$$libinit$$00000019          0x08000162   Section        0  libinit2.o(.ARM.Collect$$libinit$$00000019)
    .ARM.Collect$$libinit$$0000001B          0x08000162   Section        0  libinit2.o(.ARM.Collect$$libinit$$0000001B)
    .ARM.Collect$$libinit$$0000001D          0x08000162   Section        0  libinit2.o(.ARM.Collect$$libinit$$0000001D)
    .ARM.Collect$$libinit$$0000001F          0x08000162   Section        0  libinit2.o(.ARM.Collect$$libinit$$0000001F)
    .ARM.Collect$$libinit$$00000021          0x08000162   Section        0  libinit2.o(.ARM.Collect$$libinit$$00000021)
    .ARM.Collect$$libinit$$00000023          0x08000162   Section        0  libinit2.o(.ARM.Collect$$libinit$$00000023)
    .ARM.Collect$$libinit$$00000025          0x08000162   Section        0  libinit2.o(.ARM.Collect$$libinit$$00000025)
    .ARM.Collect$$libinit$$0000002C          0x08000162   Section        0  libinit2.o(.ARM.Collect$$libinit$$0000002C)
    .ARM.Collect$$libinit$$0000002E          0x08000162   Section        0  libinit2.o(.ARM.Collect$$libinit$$0000002E)
    .ARM.Collect$$libinit$$00000030          0x08000162   Section        0  libinit2.o(.ARM.Collect$$libinit$$00000030)
    .ARM.Collect$$libinit$$00000032          0x08000162   Section        0  libinit2.o(.ARM.Collect$$libinit$$00000032)
    .ARM.Collect$$libinit$$00000033          0x08000162   Section        2  libinit2.o(.ARM.Collect$$libinit$$00000033)
    .ARM.Collect$$libshutdown$$00000000      0x08000164   Section        2  libshutdown.o(.ARM.Collect$$libshutdown$$00000000)
    .ARM.Collect$$libshutdown$$00000002      0x08000166   Section        0  libshutdown2.o(.ARM.Collect$$libshutdown$$00000002)
    .ARM.Collect$$libshutdown$$00000004      0x08000166   Section        0  libshutdown2.o(.ARM.Collect$$libshutdown$$00000004)
    .ARM.Collect$$libshutdown$$00000007      0x08000166   Section        0  libshutdown2.o(.ARM.Collect$$libshutdown$$00000007)
    .ARM.Collect$$libshutdown$$0000000A      0x08000166   Section        0  libshutdown2.o(.ARM.Collect$$libshutdown$$0000000A)
    .ARM.Collect$$libshutdown$$0000000C      0x08000166   Section        0  libshutdown2.o(.ARM.Collect$$libshutdown$$0000000C)
    .ARM.Collect$$libshutdown$$0000000F      0x08000166   Section        0  libshutdown2.o(.ARM.Collect$$libshutdown$$0000000F)
    .ARM.Collect$$libshutdown$$00000010      0x08000166   Section        2  libshutdown2.o(.ARM.Collect$$libshutdown$$00000010)
    .ARM.Collect$$rtentry$$00000000          0x08000168   Section        0  __rtentry.o(.ARM.Collect$$rtentry$$00000000)
    .ARM.Collect$$rtentry$$00000002          0x08000168   Section        0  __rtentry2.o(.ARM.Collect$$rtentry$$00000002)
    .ARM.Collect$$rtentry$$00000004          0x08000168   Section        6  __rtentry4.o(.ARM.Collect$$rtentry$$00000004)
    .ARM.Collect$$rtentry$$00000009          0x0800016e   Section        0  __rtentry2.o(.ARM.Collect$$rtentry$$00000009)
    .ARM.Collect$$rtentry$$0000000A          0x0800016e   Section        4  __rtentry2.o(.ARM.Collect$$rtentry$$0000000A)
    .ARM.Collect$$rtentry$$0000000C          0x08000172   Section        0  __rtentry2.o(.ARM.Collect$$rtentry$$0000000C)
    .ARM.Collect$$rtentry$$0000000D          0x08000172   Section        8  __rtentry2.o(.ARM.Collect$$rtentry$$0000000D)
    .ARM.Collect$$rtexit$$00000000           0x0800017a   Section        2  rtexit.o(.ARM.Collect$$rtexit$$00000000)
    .ARM.Collect$$rtexit$$00000002           0x0800017c   Section        0  rtexit2.o(.ARM.Collect$$rtexit$$00000002)
    .ARM.Collect$$rtexit$$00000003           0x0800017c   Section        4  rtexit2.o(.ARM.Collect$$rtexit$$00000003)
    .ARM.Collect$$rtexit$$00000004           0x08000180   Section        6  rtexit2.o(.ARM.Collect$$rtexit$$00000004)
    .text                                    0x08000188   Section       64  startup_stm32f103xb.o(.text)
    .text                                    0x080001c8   Section        0  heapauxi.o(.text)
    .text                                    0x080001ce   Section       74  sys_stackheap_outer.o(.text)
    .text                                    0x08000218   Section        0  exit.o(.text)
    .text                                    0x0800022c   Section        8  libspace.o(.text)
    .text                                    0x08000234   Section        0  sys_exit.o(.text)
    .text                                    0x08000240   Section        2  use_no_semi.o(.text)
    .text                                    0x08000242   Section        0  indicate_semi.o(.text)
    [Anonymous Symbol]                       0x08000244   Section        0  lto-llvm-79ddc0.o(.text.BusFault_Handler)
    [Anonymous Symbol]                       0x08000248   Section        0  lto-llvm-79ddc0.o(.text.DebugMon_Handler)
    [Anonymous Symbol]                       0x0800024c   Section        0  lto-llvm-79ddc0.o(.text.EXTI9_5_IRQHandler)
    HAL_GPIO_Init                            0x08000271   Thumb Code   554  lto-llvm-79ddc0.o(.text.HAL_GPIO_Init)
    [Anonymous Symbol]                       0x08000270   Section        0  lto-llvm-79ddc0.o(.text.HAL_GPIO_Init)
    HAL_TIM_Base_Init                        0x0800049d   Thumb Code   384  lto-llvm-79ddc0.o(.text.HAL_TIM_Base_Init)
    [Anonymous Symbol]                       0x0800049c   Section        0  lto-llvm-79ddc0.o(.text.HAL_TIM_Base_Init)
    HAL_TIM_ConfigClockSource                0x0800061d   Thumb Code   404  lto-llvm-79ddc0.o(.text.HAL_TIM_ConfigClockSource)
    [Anonymous Symbol]                       0x0800061c   Section        0  lto-llvm-79ddc0.o(.text.HAL_TIM_ConfigClockSource)
    HAL_TIM_IRQHandler                       0x080007b1   Thumb Code   196  lto-llvm-79ddc0.o(.text.HAL_TIM_IRQHandler)
    [Anonymous Symbol]                       0x080007b0   Section        0  lto-llvm-79ddc0.o(.text.HAL_TIM_IRQHandler)
    HAL_TIM_OnePulse_Init                    0x08000875   Thumb Code   210  lto-llvm-79ddc0.o(.text.HAL_TIM_OnePulse_Init)
    [Anonymous Symbol]                       0x08000874   Section        0  lto-llvm-79ddc0.o(.text.HAL_TIM_OnePulse_Init)
    HAL_UART_IRQHandler                      0x08000949   Thumb Code   758  lto-llvm-79ddc0.o(.text.HAL_UART_IRQHandler)
    [Anonymous Symbol]                       0x08000948   Section        0  lto-llvm-79ddc0.o(.text.HAL_UART_IRQHandler)
    HAL_UART_Init                            0x08000c41   Thumb Code   732  lto-llvm-79ddc0.o(.text.HAL_UART_Init)
    [Anonymous Symbol]                       0x08000c40   Section        0  lto-llvm-79ddc0.o(.text.HAL_UART_Init)
    APBPrescTable                            0x08000f14   Number         0  lto-llvm-79ddc0.o(.text.HAL_UART_Init)
    [Anonymous Symbol]                       0x08000f1c   Section        0  lto-llvm-79ddc0.o(.text.HardFault_Handler)
    [Anonymous Symbol]                       0x08000f20   Section        0  lto-llvm-79ddc0.o(.text.MemManage_Handler)
    [Anonymous Symbol]                       0x08000f24   Section        0  lto-llvm-79ddc0.o(.text.NMI_Handler)
    [Anonymous Symbol]                       0x08000f28   Section        0  lto-llvm-79ddc0.o(.text.PendSV_Handler)
    [Anonymous Symbol]                       0x08000f2c   Section        0  lto-llvm-79ddc0.o(.text.SVC_Handler)
    [Anonymous Symbol]                       0x08000f30   Section        0  lto-llvm-79ddc0.o(.text.SysTick_Handler)
    [Anonymous Symbol]                       0x08000f40   Section        0  lto-llvm-79ddc0.o(.text.SystemInit)
    [Anonymous Symbol]                       0x08000f44   Section        0  lto-llvm-79ddc0.o(.text.TIM1_BRK_IRQHandler)
    [Anonymous Symbol]                       0x08000f48   Section        0  lto-llvm-79ddc0.o(.text.TIM1_UP_IRQHandler)
    UART_DMAAbortOnError                     0x08000f4d   Thumb Code    10  lto-llvm-79ddc0.o(.text.UART_DMAAbortOnError)
    [Anonymous Symbol]                       0x08000f4c   Section        0  lto-llvm-79ddc0.o(.text.UART_DMAAbortOnError)
    UART_Receive_IT                          0x08000f59   Thumb Code   170  lto-llvm-79ddc0.o(.text.UART_Receive_IT)
    [Anonymous Symbol]                       0x08000f58   Section        0  lto-llvm-79ddc0.o(.text.UART_Receive_IT)
    [Anonymous Symbol]                       0x08001004   Section        0  lto-llvm-79ddc0.o(.text.USART1_IRQHandler)
    [Anonymous Symbol]                       0x08001010   Section        0  lto-llvm-79ddc0.o(.text.USART2_IRQHandler)
    [Anonymous Symbol]                       0x0800101c   Section        0  lto-llvm-79ddc0.o(.text.USART3_IRQHandler)
    [Anonymous Symbol]                       0x08001028   Section        0  lto-llvm-79ddc0.o(.text.UsageFault_Handler)
    [Anonymous Symbol]                       0x0800102c   Section        0  lto-llvm-79ddc0.o(.text.main)
    AHBPrescTable                            0x08001714   Number         0  lto-llvm-79ddc0.o(.text.main)
    SystemCoreClock                          0x20000000   Data           4  lto-llvm-79ddc0.o(.data.SystemCoreClock)
    [Anonymous Symbol]                       0x20000000   Section        0  lto-llvm-79ddc0.o(.data.SystemCoreClock)
    .bss                                     0x20000008   Section       96  libspace.o(.bss)
    htim1                                    0x20000068   Data          72  lto-llvm-79ddc0.o(.bss.htim1)
    [Anonymous Symbol]                       0x20000068   Section        0  lto-llvm-79ddc0.o(.bss.htim1)
    htim2                                    0x200000b0   Data          72  lto-llvm-79ddc0.o(.bss.htim2)
    [Anonymous Symbol]                       0x200000b0   Section        0  lto-llvm-79ddc0.o(.bss.htim2)
    huart1                                   0x200000f8   Data          68  lto-llvm-79ddc0.o(.bss.huart1)
    [Anonymous Symbol]                       0x200000f8   Section        0  lto-llvm-79ddc0.o(.bss.huart1)
    huart2                                   0x2000013c   Data          68  lto-llvm-79ddc0.o(.bss.huart2)
    [Anonymous Symbol]                       0x2000013c   Section        0  lto-llvm-79ddc0.o(.bss.huart2)
    huart3                                   0x20000180   Data          68  lto-llvm-79ddc0.o(.bss.huart3)
    [Anonymous Symbol]                       0x20000180   Section        0  lto-llvm-79ddc0.o(.bss.huart3)
    uwTick                                   0x200001c4   Data           4  lto-llvm-79ddc0.o(.bss.uwTick)
    [Anonymous Symbol]                       0x200001c4   Section        0  lto-llvm-79ddc0.o(.bss.uwTick)
    uwTickPrio                               0x200001c8   Data           1  lto-llvm-79ddc0.o(.bss.uwTickPrio)
    [Anonymous Symbol]                       0x200001c8   Section        0  lto-llvm-79ddc0.o(.bss.uwTickPrio)
    Heap_Mem                                 0x200001d0   Data        2304  startup_stm32f103xb.o(HEAP)
    HEAP                                     0x200001d0   Section     2304  startup_stm32f103xb.o(HEAP)
    Stack_Mem                                0x20000ad0   Data       16384  startup_stm32f103xb.o(STACK)
    STACK                                    0x20000ad0   Section    16384  startup_stm32f103xb.o(STACK)
    __initial_sp                             0x20004ad0   Data           0  startup_stm32f103xb.o(STACK)

    Global Symbols

    Symbol Name                              Value     Ov Type        Size  Object(Section)

    BuildAttributes$$THM_ISAv4$P$D$K$B$S$PE$A:L22UL41UL21$X:L11$S22US41US21$IEEE1$IW$~IW$USESV6$~STKCKD$USESV7$~SHL$OTIME$ROPI$IEEEF$EBA8$UX$STANDARDLIB$REQ8$PRES8$EABIv2 0x00000000   Number         0  anon$$obj.o ABSOLUTE
    __fp_init_empty                          0x00000000   Number         0  fpinit_empty.o ABSOLUTE
    __ARM_exceptions_init                     - Undefined Weak Reference
    __alloca_initialize                       - Undefined Weak Reference
    __arm_preinit_                            - Undefined Weak Reference
    __cpp_initialize__aeabi_                  - Undefined Weak Reference
    __cxa_finalize                            - Undefined Weak Reference
    __rt_locale                               - Undefined Weak Reference
    __sigvec_lookup                           - Undefined Weak Reference
    _atexit_init                              - Undefined Weak Reference
    _call_atexit_fns                          - Undefined Weak Reference
    _clock_init                               - Undefined Weak Reference
    _fp_trap_init                             - Undefined Weak Reference
    _fp_trap_shutdown                         - Undefined Weak Reference
    _get_lc_collate                           - Undefined Weak Reference
    _get_lc_ctype                             - Undefined Weak Reference
    _get_lc_monetary                          - Undefined Weak Reference
    _get_lc_numeric                           - Undefined Weak Reference
    _get_lc_time                              - Undefined Weak Reference
    _getenv_init                              - Undefined Weak Reference
    _handle_redirection                       - Undefined Weak Reference
    _init_alloc                               - Undefined Weak Reference
    _init_user_alloc                          - Undefined Weak Reference
    _initio                                   - Undefined Weak Reference
    _rand_init                                - Undefined Weak Reference
    _signal_finish                            - Undefined Weak Reference
    _signal_init                              - Undefined Weak Reference
    _terminate_alloc                          - Undefined Weak Reference
    _terminate_user_alloc                     - Undefined Weak Reference
    _terminateio                              - Undefined Weak Reference
    __Vectors_Size                           0x000000ec   Number         0  startup_stm32f103xb.o ABSOLUTE
    __Vectors                                0x08000000   Data           4  startup_stm32f103xb.o(RESET)
    __Vectors_End                            0x080000ec   Data           0  startup_stm32f103xb.o(RESET)
    __main                                   0x080000ed   Thumb Code     8  __main.o(!!!main)
    __scatterload                            0x080000f5   Thumb Code     0  __scatter.o(!!!scatter)
    __scatterload_rt2                        0x080000f5   Thumb Code    44  __scatter.o(!!!scatter)
    __scatterload_rt2_thumb_only             0x080000f5   Thumb Code     0  __scatter.o(!!!scatter)
    __scatterload_null                       0x08000103   Thumb Code     0  __scatter.o(!!!scatter)
    __scatterload_copy                       0x08000129   Thumb Code    26  __scatter_copy.o(!!handler_copy)
    __scatterload_zeroinit                   0x08000145   Thumb Code    28  __scatter_zi.o(!!handler_zi)
    __rt_lib_init                            0x08000161   Thumb Code     0  libinit.o(.ARM.Collect$$libinit$$00000000)
    __rt_lib_init_alloca_1                   0x08000163   Thumb Code     0  libinit2.o(.ARM.Collect$$libinit$$0000002E)
    __rt_lib_init_argv_1                     0x08000163   Thumb Code     0  libinit2.o(.ARM.Collect$$libinit$$0000002C)
    __rt_lib_init_atexit_1                   0x08000163   Thumb Code     0  libinit2.o(.ARM.Collect$$libinit$$0000001B)
    __rt_lib_init_clock_1                    0x08000163   Thumb Code     0  libinit2.o(.ARM.Collect$$libinit$$00000021)
    __rt_lib_init_cpp_1                      0x08000163   Thumb Code     0  libinit2.o(.ARM.Collect$$libinit$$00000032)
    __rt_lib_init_exceptions_1               0x08000163   Thumb Code     0  libinit2.o(.ARM.Collect$$libinit$$00000030)
    __rt_lib_init_fp_1                       0x08000163   Thumb Code     0  libinit2.o(.ARM.Collect$$libinit$$00000002)
    __rt_lib_init_fp_trap_1                  0x08000163   Thumb Code     0  libinit2.o(.ARM.Collect$$libinit$$0000001F)
    __rt_lib_init_getenv_1                   0x08000163   Thumb Code     0  libinit2.o(.ARM.Collect$$libinit$$00000023)
    __rt_lib_init_heap_1                     0x08000163   Thumb Code     0  libinit2.o(.ARM.Collect$$libinit$$0000000A)
    __rt_lib_init_lc_collate_1               0x08000163   Thumb Code     0  libinit2.o(.ARM.Collect$$libinit$$00000011)
    __rt_lib_init_lc_ctype_1                 0x08000163   Thumb Code     0  libinit2.o(.ARM.Collect$$libinit$$00000013)
    __rt_lib_init_lc_monetary_1              0x08000163   Thumb Code     0  libinit2.o(.ARM.Collect$$libinit$$00000015)
    __rt_lib_init_lc_numeric_1               0x08000163   Thumb Code     0  libinit2.o(.ARM.Collect$$libinit$$00000017)
    __rt_lib_init_lc_time_1                  0x08000163   Thumb Code     0  libinit2.o(.ARM.Collect$$libinit$$00000019)
    __rt_lib_init_preinit_1                  0x08000163   Thumb Code     0  libinit2.o(.ARM.Collect$$libinit$$00000004)
    __rt_lib_init_rand_1                     0x08000163   Thumb Code     0  libinit2.o(.ARM.Collect$$libinit$$0000000E)
    __rt_lib_init_return                     0x08000163   Thumb Code     0  libinit2.o(.ARM.Collect$$libinit$$00000033)
    __rt_lib_init_signal_1                   0x08000163   Thumb Code     0  libinit2.o(.ARM.Collect$$libinit$$0000001D)
    __rt_lib_init_stdio_1                    0x08000163   Thumb Code     0  libinit2.o(.ARM.Collect$$libinit$$00000025)
    __rt_lib_init_user_alloc_1               0x08000163   Thumb Code     0  libinit2.o(.ARM.Collect$$libinit$$0000000C)
    __rt_lib_shutdown                        0x08000165   Thumb Code     0  libshutdown.o(.ARM.Collect$$libshutdown$$00000000)
    __rt_lib_shutdown_cpp_1                  0x08000167   Thumb Code     0  libshutdown2.o(.ARM.Collect$$libshutdown$$00000002)
    __rt_lib_shutdown_fp_trap_1              0x08000167   Thumb Code     0  libshutdown2.o(.ARM.Collect$$libshutdown$$00000007)
    __rt_lib_shutdown_heap_1                 0x08000167   Thumb Code     0  libshutdown2.o(.ARM.Collect$$libshutdown$$0000000F)
    __rt_lib_shutdown_return                 0x08000167   Thumb Code     0  libshutdown2.o(.ARM.Collect$$libshutdown$$00000010)
    __rt_lib_shutdown_signal_1               0x08000167   Thumb Code     0  libshutdown2.o(.ARM.Collect$$libshutdown$$0000000A)
    __rt_lib_shutdown_stdio_1                0x08000167   Thumb Code     0  libshutdown2.o(.ARM.Collect$$libshutdown$$00000004)
    __rt_lib_shutdown_user_alloc_1           0x08000167   Thumb Code     0  libshutdown2.o(.ARM.Collect$$libshutdown$$0000000C)
    __rt_entry                               0x08000169   Thumb Code     0  __rtentry.o(.ARM.Collect$$rtentry$$00000000)
    __rt_entry_presh_1                       0x08000169   Thumb Code     0  __rtentry2.o(.ARM.Collect$$rtentry$$00000002)
    __rt_entry_sh                            0x08000169   Thumb Code     0  __rtentry4.o(.ARM.Collect$$rtentry$$00000004)
    __rt_entry_li                            0x0800016f   Thumb Code     0  __rtentry2.o(.ARM.Collect$$rtentry$$0000000A)
    __rt_entry_postsh_1                      0x0800016f   Thumb Code     0  __rtentry2.o(.ARM.Collect$$rtentry$$00000009)
    __rt_entry_main                          0x08000173   Thumb Code     0  __rtentry2.o(.ARM.Collect$$rtentry$$0000000D)
    __rt_entry_postli_1                      0x08000173   Thumb Code     0  __rtentry2.o(.ARM.Collect$$rtentry$$0000000C)
    __rt_exit                                0x0800017b   Thumb Code     0  rtexit.o(.ARM.Collect$$rtexit$$00000000)
    __rt_exit_ls                             0x0800017d   Thumb Code     0  rtexit2.o(.ARM.Collect$$rtexit$$00000003)
    __rt_exit_prels_1                        0x0800017d   Thumb Code     0  rtexit2.o(.ARM.Collect$$rtexit$$00000002)
    __rt_exit_exit                           0x08000181   Thumb Code     0  rtexit2.o(.ARM.Collect$$rtexit$$00000004)
    Reset_Handler                            0x08000189   Thumb Code     8  startup_stm32f103xb.o(.text)
    ADC1_2_IRQHandler                        0x080001a3   Thumb Code     0  startup_stm32f103xb.o(.text)
    CAN1_RX1_IRQHandler                      0x080001a3   Thumb Code     0  startup_stm32f103xb.o(.text)
    CAN1_SCE_IRQHandler                      0x080001a3   Thumb Code     0  startup_stm32f103xb.o(.text)
    DMA1_Channel1_IRQHandler                 0x080001a3   Thumb Code     0  startup_stm32f103xb.o(.text)
    DMA1_Channel2_IRQHandler                 0x080001a3   Thumb Code     0  startup_stm32f103xb.o(.text)
    DMA1_Channel3_IRQHandler                 0x080001a3   Thumb Code     0  startup_stm32f103xb.o(.text)
    DMA1_Channel4_IRQHandler                 0x080001a3   Thumb Code     0  startup_stm32f103xb.o(.text)
    DMA1_Channel5_IRQHandler                 0x080001a3   Thumb Code     0  startup_stm32f103xb.o(.text)
    DMA1_Channel6_IRQHandler                 0x080001a3   Thumb Code     0  startup_stm32f103xb.o(.text)
    DMA1_Channel7_IRQHandler                 0x080001a3   Thumb Code     0  startup_stm32f103xb.o(.text)
    EXTI0_IRQHandler                         0x080001a3   Thumb Code     0  startup_stm32f103xb.o(.text)
    EXTI15_10_IRQHandler                     0x080001a3   Thumb Code     0  startup_stm32f103xb.o(.text)
    EXTI1_IRQHandler                         0x080001a3   Thumb Code     0  startup_stm32f103xb.o(.text)
    EXTI2_IRQHandler                         0x080001a3   Thumb Code     0  startup_stm32f103xb.o(.text)
    EXTI3_IRQHandler                         0x080001a3   Thumb Code     0  startup_stm32f103xb.o(.text)
    EXTI4_IRQHandler                         0x080001a3   Thumb Code     0  startup_stm32f103xb.o(.text)
    FLASH_IRQHandler                         0x080001a3   Thumb Code     0  startup_stm32f103xb.o(.text)
    I2C1_ER_IRQHandler                       0x080001a3   Thumb Code     0  startup_stm32f103xb.o(.text)
    I2C1_EV_IRQHandler                       0x080001a3   Thumb Code     0  startup_stm32f103xb.o(.text)
    I2C2_ER_IRQHandler                       0x080001a3   Thumb Code     0  startup_stm32f103xb.o(.text)
    I2C2_EV_IRQHandler                       0x080001a3   Thumb Code     0  startup_stm32f103xb.o(.text)
    PVD_IRQHandler                           0x080001a3   Thumb Code     0  startup_stm32f103xb.o(.text)
    RCC_IRQHandler                           0x080001a3   Thumb Code     0  startup_stm32f103xb.o(.text)
    RTC_Alarm_IRQHandler                     0x080001a3   Thumb Code     0  startup_stm32f103xb.o(.text)
    RTC_IRQHandler                           0x080001a3   Thumb Code     0  startup_stm32f103xb.o(.text)
    SPI1_IRQHandler                          0x080001a3   Thumb Code     0  startup_stm32f103xb.o(.text)
    SPI2_IRQHandler                          0x080001a3   Thumb Code     0  startup_stm32f103xb.o(.text)
    TAMPER_IRQHandler                        0x080001a3   Thumb Code     0  startup_stm32f103xb.o(.text)
    TIM1_CC_IRQHandler                       0x080001a3   Thumb Code     0  startup_stm32f103xb.o(.text)
    TIM1_TRG_COM_IRQHandler                  0x080001a3   Thumb Code     0  startup_stm32f103xb.o(.text)
    TIM2_IRQHandler                          0x080001a3   Thumb Code     0  startup_stm32f103xb.o(.text)
    TIM3_IRQHandler                          0x080001a3   Thumb Code     0  startup_stm32f103xb.o(.text)
    TIM4_IRQHandler                          0x080001a3   Thumb Code     0  startup_stm32f103xb.o(.text)
    USBWakeUp_IRQHandler                     0x080001a3   Thumb Code     0  startup_stm32f103xb.o(.text)
    USB_HP_CAN1_TX_IRQHandler                0x080001a3   Thumb Code     0  startup_stm32f103xb.o(.text)
    USB_LP_CAN1_RX0_IRQHandler               0x080001a3   Thumb Code     0  startup_stm32f103xb.o(.text)
    WWDG_IRQHandler                          0x080001a3   Thumb Code     0  startup_stm32f103xb.o(.text)
    __user_initial_stackheap                 0x080001a5   Thumb Code     0  startup_stm32f103xb.o(.text)
    __use_two_region_memory                  0x080001c9   Thumb Code     2  heapauxi.o(.text)
    __rt_heap_escrow$2region                 0x080001cb   Thumb Code     2  heapauxi.o(.text)
    __rt_heap_expand$2region                 0x080001cd   Thumb Code     2  heapauxi.o(.text)
    __user_setup_stackheap                   0x080001cf   Thumb Code    74  sys_stackheap_outer.o(.text)
    exit                                     0x08000219   Thumb Code    18  exit.o(.text)
    __user_libspace                          0x0800022d   Thumb Code     8  libspace.o(.text)
    __user_perproc_libspace                  0x0800022d   Thumb Code     0  libspace.o(.text)
    __user_perthread_libspace                0x0800022d   Thumb Code     0  libspace.o(.text)
    _sys_exit                                0x08000235   Thumb Code     8  sys_exit.o(.text)
    __I$use$semihosting                      0x08000241   Thumb Code     0  use_no_semi.o(.text)
    __use_no_semihosting_swi                 0x08000241   Thumb Code     2  use_no_semi.o(.text)
    __semihosting_library_function           0x08000243   Thumb Code     0  indicate_semi.o(.text)
    BusFault_Handler                         0x08000245   Thumb Code     2  lto-llvm-79ddc0.o(.text.BusFault_Handler)
    DebugMon_Handler                         0x08000249   Thumb Code     2  lto-llvm-79ddc0.o(.text.DebugMon_Handler)
    EXTI9_5_IRQHandler                       0x0800024d   Thumb Code    34  lto-llvm-79ddc0.o(.text.EXTI9_5_IRQHandler)
    HardFault_Handler                        0x08000f1d   Thumb Code     2  lto-llvm-79ddc0.o(.text.HardFault_Handler)
    MemManage_Handler                        0x08000f21   Thumb Code     2  lto-llvm-79ddc0.o(.text.MemManage_Handler)
    NMI_Handler                              0x08000f25   Thumb Code     2  lto-llvm-79ddc0.o(.text.NMI_Handler)
    PendSV_Handler                           0x08000f29   Thumb Code     2  lto-llvm-79ddc0.o(.text.PendSV_Handler)
    SVC_Handler                              0x08000f2d   Thumb Code     2  lto-llvm-79ddc0.o(.text.SVC_Handler)
    SysTick_Handler                          0x08000f31   Thumb Code    16  lto-llvm-79ddc0.o(.text.SysTick_Handler)
    SystemInit                               0x08000f41   Thumb Code     2  lto-llvm-79ddc0.o(.text.SystemInit)
    TIM1_BRK_IRQHandler                      0x08000f45   Thumb Code     4  lto-llvm-79ddc0.o(.text.TIM1_BRK_IRQHandler)
    TIM1_UP_IRQHandler                       0x08000f49   Thumb Code     4  lto-llvm-79ddc0.o(.text.TIM1_UP_IRQHandler)
    USART1_IRQHandler                        0x08001005   Thumb Code    12  lto-llvm-79ddc0.o(.text.USART1_IRQHandler)
    USART2_IRQHandler                        0x08001011   Thumb Code    12  lto-llvm-79ddc0.o(.text.USART2_IRQHandler)
    USART3_IRQHandler                        0x0800101d   Thumb Code    12  lto-llvm-79ddc0.o(.text.USART3_IRQHandler)
    UsageFault_Handler                       0x08001029   Thumb Code     2  lto-llvm-79ddc0.o(.text.UsageFault_Handler)
    main                                     0x0800102d   Thumb Code  1784  lto-llvm-79ddc0.o(.text.main)
    Region$$Table$$Base                      0x08001724   Number         0  anon$$obj.o(Region$$Table)
    Region$$Table$$Limit                     0x08001744   Number         0  anon$$obj.o(Region$$Table)
    __libspace_start                         0x20000008   Data          96  libspace.o(.bss)
    __temporary_stack_top$libspace           0x20000068   Data           0  libspace.o(.bss)



==============================================================================

Memory Map of the image

  Image Entry point : 0x080000ed

  Load Region LR_IROM1 (Base: 0x08000000, Size: 0x00001750, Max: 0x00020000, ABSOLUTE)

    Execution Region ER_IROM1 (Exec base: 0x08000000, Load base: 0x08000000, Size: 0x00001744, Max: 0x00020000, ABSOLUTE)

    Exec Addr    Load Addr    Size         Type   Attr      Idx    E Section Name        Object

    0x08000000   0x08000000   0x000000ec   Data   RO            3    RESET               startup_stm32f103xb.o
    0x080000ec   0x080000ec   0x00000008   Code   RO           35  * !!!main             c_w.l(__main.o)
    0x080000f4   0x080000f4   0x00000034   Code   RO          267    !!!scatter          c_w.l(__scatter.o)
    0x08000128   0x08000128   0x0000001a   Code   RO          269    !!handler_copy      c_w.l(__scatter_copy.o)
    0x08000142   0x08000142   0x00000002   PAD
    0x08000144   0x08000144   0x0000001c   Code   RO          271    !!handler_zi        c_w.l(__scatter_zi.o)
    0x08000160   0x08000160   0x00000002   Code   RO           62    .ARM.Collect$$libinit$$00000000  c_w.l(libinit.o)
    0x08000162   0x08000162   0x00000000   Code   RO           69    .ARM.Collect$$libinit$$00000002  c_w.l(libinit2.o)
    0x08000162   0x08000162   0x00000000   Code   RO           71    .ARM.Collect$$libinit$$00000004  c_w.l(libinit2.o)
    0x08000162   0x08000162   0x00000000   Code   RO           74    .ARM.Collect$$libinit$$0000000A  c_w.l(libinit2.o)
    0x08000162   0x08000162   0x00000000   Code   RO           76    .ARM.Collect$$libinit$$0000000C  c_w.l(libinit2.o)
    0x08000162   0x08000162   0x00000000   Code   RO           78    .ARM.Collect$$libinit$$0000000E  c_w.l(libinit2.o)
    0x08000162   0x08000162   0x00000000   Code   RO           81    .ARM.Collect$$libinit$$00000011  c_w.l(libinit2.o)
    0x08000162   0x08000162   0x00000000   Code   RO           83    .ARM.Collect$$libinit$$00000013  c_w.l(libinit2.o)
    0x08000162   0x08000162   0x00000000   Code   RO           85    .ARM.Collect$$libinit$$00000015  c_w.l(libinit2.o)
    0x08000162   0x08000162   0x00000000   Code   RO           87    .ARM.Collect$$libinit$$00000017  c_w.l(libinit2.o)
    0x08000162   0x08000162   0x00000000   Code   RO           89    .ARM.Collect$$libinit$$00000019  c_w.l(libinit2.o)
    0x08000162   0x08000162   0x00000000   Code   RO           91    .ARM.Collect$$libinit$$0000001B  c_w.l(libinit2.o)
    0x08000162   0x08000162   0x00000000   Code   RO           93    .ARM.Collect$$libinit$$0000001D  c_w.l(libinit2.o)
    0x08000162   0x08000162   0x00000000   Code   RO           95    .ARM.Collect$$libinit$$0000001F  c_w.l(libinit2.o)
    0x08000162   0x08000162   0x00000000   Code   RO           97    .ARM.Collect$$libinit$$00000021  c_w.l(libinit2.o)
    0x08000162   0x08000162   0x00000000   Code   RO           99    .ARM.Collect$$libinit$$00000023  c_w.l(libinit2.o)
    0x08000162   0x08000162   0x00000000   Code   RO          101    .ARM.Collect$$libinit$$00000025  c_w.l(libinit2.o)
    0x08000162   0x08000162   0x00000000   Code   RO          105    .ARM.Collect$$libinit$$0000002C  c_w.l(libinit2.o)
    0x08000162   0x08000162   0x00000000   Code   RO          107    .ARM.Collect$$libinit$$0000002E  c_w.l(libinit2.o)
    0x08000162   0x08000162   0x00000000   Code   RO          109    .ARM.Collect$$libinit$$00000030  c_w.l(libinit2.o)
    0x08000162   0x08000162   0x00000000   Code   RO          111    .ARM.Collect$$libinit$$00000032  c_w.l(libinit2.o)
    0x08000162   0x08000162   0x00000002   Code   RO          112    .ARM.Collect$$libinit$$00000033  c_w.l(libinit2.o)
    0x08000164   0x08000164   0x00000002   Code   RO          134    .ARM.Collect$$libshutdown$$00000000  c_w.l(libshutdown.o)
    0x08000166   0x08000166   0x00000000   Code   RO          149    .ARM.Collect$$libshutdown$$00000002  c_w.l(libshutdown2.o)
    0x08000166   0x08000166   0x00000000   Code   RO          151    .ARM.Collect$$libshutdown$$00000004  c_w.l(libshutdown2.o)
    0x08000166   0x08000166   0x00000000   Code   RO          154    .ARM.Collect$$libshutdown$$00000007  c_w.l(libshutdown2.o)
    0x08000166   0x08000166   0x00000000   Code   RO          157    .ARM.Collect$$libshutdown$$0000000A  c_w.l(libshutdown2.o)
    0x08000166   0x08000166   0x00000000   Code   RO          159    .ARM.Collect$$libshutdown$$0000000C  c_w.l(libshutdown2.o)
    0x08000166   0x08000166   0x00000000   Code   RO          162    .ARM.Collect$$libshutdown$$0000000F  c_w.l(libshutdown2.o)
    0x08000166   0x08000166   0x00000002   Code   RO          163    .ARM.Collect$$libshutdown$$00000010  c_w.l(libshutdown2.o)
    0x08000168   0x08000168   0x00000000   Code   RO           37    .ARM.Collect$$rtentry$$00000000  c_w.l(__rtentry.o)
    0x08000168   0x08000168   0x00000000   Code   RO           39    .ARM.Collect$$rtentry$$00000002  c_w.l(__rtentry2.o)
    0x08000168   0x08000168   0x00000006   Code   RO           51    .ARM.Collect$$rtentry$$00000004  c_w.l(__rtentry4.o)
    0x0800016e   0x0800016e   0x00000000   Code   RO           41    .ARM.Collect$$rtentry$$00000009  c_w.l(__rtentry2.o)
    0x0800016e   0x0800016e   0x00000004   Code   RO           42    .ARM.Collect$$rtentry$$0000000A  c_w.l(__rtentry2.o)
    0x08000172   0x08000172   0x00000000   Code   RO           44    .ARM.Collect$$rtentry$$0000000C  c_w.l(__rtentry2.o)
    0x08000172   0x08000172   0x00000008   Code   RO           45    .ARM.Collect$$rtentry$$0000000D  c_w.l(__rtentry2.o)
    0x0800017a   0x0800017a   0x00000002   Code   RO           66    .ARM.Collect$$rtexit$$00000000  c_w.l(rtexit.o)
    0x0800017c   0x0800017c   0x00000000   Code   RO          114    .ARM.Collect$$rtexit$$00000002  c_w.l(rtexit2.o)
    0x0800017c   0x0800017c   0x00000004   Code   RO          115    .ARM.Collect$$rtexit$$00000003  c_w.l(rtexit2.o)
    0x08000180   0x08000180   0x00000006   Code   RO          116    .ARM.Collect$$rtexit$$00000004  c_w.l(rtexit2.o)
    0x08000186   0x08000186   0x00000002   PAD
    0x08000188   0x08000188   0x00000040   Code   RO            4    .text               startup_stm32f103xb.o
    0x080001c8   0x080001c8   0x00000006   Code   RO           33    .text               c_w.l(heapauxi.o)
    0x080001ce   0x080001ce   0x0000004a   Code   RO           53    .text               c_w.l(sys_stackheap_outer.o)
    0x08000218   0x08000218   0x00000012   Code   RO           55    .text               c_w.l(exit.o)
    0x0800022a   0x0800022a   0x00000002   PAD
    0x0800022c   0x0800022c   0x00000008   Code   RO           63    .text               c_w.l(libspace.o)
    0x08000234   0x08000234   0x0000000c   Code   RO          124    .text               c_w.l(sys_exit.o)
    0x08000240   0x08000240   0x00000002   Code   RO          139    .text               c_w.l(use_no_semi.o)
    0x08000242   0x08000242   0x00000000   Code   RO          141    .text               c_w.l(indicate_semi.o)
    0x08000242   0x08000242   0x00000002   PAD
    0x08000244   0x08000244   0x00000002   Code   RO          205    .text.BusFault_Handler  lto-llvm-79ddc0.o
    0x08000246   0x08000246   0x00000002   PAD
    0x08000248   0x08000248   0x00000002   Code   RO          211    .text.DebugMon_Handler  lto-llvm-79ddc0.o
    0x0800024a   0x0800024a   0x00000002   PAD
    0x0800024c   0x0800024c   0x00000022   Code   RO          217    .text.EXTI9_5_IRQHandler  lto-llvm-79ddc0.o
    0x0800026e   0x0800026e   0x00000002   PAD
    0x08000270   0x08000270   0x0000022a   Code   RO          237    .text.HAL_GPIO_Init  lto-llvm-79ddc0.o
    0x0800049a   0x0800049a   0x00000002   PAD
    0x0800049c   0x0800049c   0x00000180   Code   RO          229    .text.HAL_TIM_Base_Init  lto-llvm-79ddc0.o
    0x0800061c   0x0800061c   0x00000194   Code   RO          235    .text.HAL_TIM_ConfigClockSource  lto-llvm-79ddc0.o
    0x080007b0   0x080007b0   0x000000c4   Code   RO          233    .text.HAL_TIM_IRQHandler  lto-llvm-79ddc0.o
    0x08000874   0x08000874   0x000000d2   Code   RO          231    .text.HAL_TIM_OnePulse_Init  lto-llvm-79ddc0.o
    0x08000946   0x08000946   0x00000002   PAD
    0x08000948   0x08000948   0x000002f6   Code   RO          241    .text.HAL_UART_IRQHandler  lto-llvm-79ddc0.o
    0x08000c3e   0x08000c3e   0x00000002   PAD
    0x08000c40   0x08000c40   0x000002dc   Code   RO          239    .text.HAL_UART_Init  lto-llvm-79ddc0.o
    0x08000f1c   0x08000f1c   0x00000002   Code   RO          201    .text.HardFault_Handler  lto-llvm-79ddc0.o
    0x08000f1e   0x08000f1e   0x00000002   PAD
    0x08000f20   0x08000f20   0x00000002   Code   RO          203    .text.MemManage_Handler  lto-llvm-79ddc0.o
    0x08000f22   0x08000f22   0x00000002   PAD
    0x08000f24   0x08000f24   0x00000002   Code   RO          199    .text.NMI_Handler   lto-llvm-79ddc0.o
    0x08000f26   0x08000f26   0x00000002   PAD
    0x08000f28   0x08000f28   0x00000002   Code   RO          213    .text.PendSV_Handler  lto-llvm-79ddc0.o
    0x08000f2a   0x08000f2a   0x00000002   PAD
    0x08000f2c   0x08000f2c   0x00000002   Code   RO          209    .text.SVC_Handler   lto-llvm-79ddc0.o
    0x08000f2e   0x08000f2e   0x00000002   PAD
    0x08000f30   0x08000f30   0x00000010   Code   RO          215    .text.SysTick_Handler  lto-llvm-79ddc0.o
    0x08000f40   0x08000f40   0x00000002   Code   RO          247    .text.SystemInit    lto-llvm-79ddc0.o
    0x08000f42   0x08000f42   0x00000002   PAD
    0x08000f44   0x08000f44   0x00000004   Code   RO          219    .text.TIM1_BRK_IRQHandler  lto-llvm-79ddc0.o
    0x08000f48   0x08000f48   0x00000004   Code   RO          221    .text.TIM1_UP_IRQHandler  lto-llvm-79ddc0.o
    0x08000f4c   0x08000f4c   0x0000000a   Code   RO          245    .text.UART_DMAAbortOnError  lto-llvm-79ddc0.o
    0x08000f56   0x08000f56   0x00000002   PAD
    0x08000f58   0x08000f58   0x000000aa   Code   RO          243    .text.UART_Receive_IT  lto-llvm-79ddc0.o
    0x08001002   0x08001002   0x00000002   PAD
    0x08001004   0x08001004   0x0000000c   Code   RO          223    .text.USART1_IRQHandler  lto-llvm-79ddc0.o
    0x08001010   0x08001010   0x0000000c   Code   RO          225    .text.USART2_IRQHandler  lto-llvm-79ddc0.o
    0x0800101c   0x0800101c   0x0000000c   Code   RO          227    .text.USART3_IRQHandler  lto-llvm-79ddc0.o
    0x08001028   0x08001028   0x00000002   Code   RO          207    .text.UsageFault_Handler  lto-llvm-79ddc0.o
    0x0800102a   0x0800102a   0x00000002   PAD
    0x0800102c   0x0800102c   0x000006f8   Code   RO          197    .text.main          lto-llvm-79ddc0.o
    0x08001724   0x08001724   0x00000020   Data   RO          266    Region$$Table       anon$$obj.o


    Execution Region RW_IRAM1 (Exec base: 0x20000000, Load base: 0x08001748, Size: 0x00004ad0, Max: 0x00005000, ABSOLUTE)

    Exec Addr    Load Addr    Size         Type   Attr      Idx    E Section Name        Object

    0x20000000   0x08001748   0x00000004   Data   RW          257    .data.SystemCoreClock  lto-llvm-79ddc0.o
    0x20000004   0x0800174c   0x00000004   PAD
    0x20000008        -       0x00000060   Zero   RW           64    .bss                c_w.l(libspace.o)
    0x20000068        -       0x00000048   Zero   RW          250    .bss.htim1          lto-llvm-79ddc0.o
    0x200000b0        -       0x00000048   Zero   RW          251    .bss.htim2          lto-llvm-79ddc0.o
    0x200000f8        -       0x00000044   Zero   RW          252    .bss.huart1         lto-llvm-79ddc0.o
    0x2000013c        -       0x00000044   Zero   RW          253    .bss.huart2         lto-llvm-79ddc0.o
    0x20000180        -       0x00000044   Zero   RW          254    .bss.huart3         lto-llvm-79ddc0.o
    0x200001c4        -       0x00000004   Zero   RW          256    .bss.uwTick         lto-llvm-79ddc0.o
    0x200001c8        -       0x00000001   Zero   RW          255    .bss.uwTickPrio     lto-llvm-79ddc0.o
    0x200001c9   0x0800174c   0x00000007   PAD
    0x200001d0        -       0x00000900   Zero   RW            2    HEAP                startup_stm32f103xb.o
    0x20000ad0        -       0x00004000   Zero   RW            1    STACK               startup_stm32f103xb.o


==============================================================================

Image component sizes


      Code (inc. data)   RO Data    RW Data    ZI Data      Debug   Object Name

      5314         64          0          4        353      44583   lto-llvm-79ddc0.o
        64         26        236          0      18688        780   startup_stm32f103xb.o

    ----------------------------------------------------------------------
      5408         90        268          4      19052      45363   Object Totals
         0          0         32          0          0          0   (incl. Generated)
        30          0          0          0         11          0   (incl. Padding)

    ----------------------------------------------------------------------

      Code (inc. data)   RO Data    RW Data    ZI Data      Debug   Library Member Name

         8          0          0          0          0         68   __main.o
         0          0          0          0          0          0   __rtentry.o
        12          0          0          0          0          0   __rtentry2.o
         6          0          0          0          0          0   __rtentry4.o
        52          8          0          0          0          0   __scatter.o
        26          0          0          0          0          0   __scatter_copy.o
        28          0          0          0          0          0   __scatter_zi.o
        18          0          0          0          0         80   exit.o
         6          0          0          0          0        152   heapauxi.o
         0          0          0          0          0          0   indicate_semi.o
         2          0          0          0          0          0   libinit.o
         2          0          0          0          0          0   libinit2.o
         2          0          0          0          0          0   libshutdown.o
         2          0          0          0          0          0   libshutdown2.o
         8          4          0          0         96         68   libspace.o
         2          0          0          0          0          0   rtexit.o
        10          0          0          0          0          0   rtexit2.o
        12          4          0          0          0         68   sys_exit.o
        74          0          0          0          0         80   sys_stackheap_outer.o
         2          0          0          0          0         68   use_no_semi.o

    ----------------------------------------------------------------------
       280         16          0          0         96        584   Library Totals
         8          0          0          0          0          0   (incl. Padding)

    ----------------------------------------------------------------------

      Code (inc. data)   RO Data    RW Data    ZI Data      Debug   Library Name

       272         16          0          0         96        584   c_w.l

    ----------------------------------------------------------------------
       280         16          0          0         96        584   Library Totals

    ----------------------------------------------------------------------

==============================================================================


      Code (inc. data)   RO Data    RW Data    ZI Data      Debug   

      5688        106        268          4      19148      45839   Grand Totals
      5688        106        268          4      19148      45839   ELF Image Totals
      5688        106        268          4          0          0   ROM Totals

==============================================================================

    Total RO  Size (Code + RO Data)                 5956 (   5.82kB)
    Total RW  Size (RW Data + ZI Data)             19152 (  18.70kB)
    Total ROM Size (Code + RO Data + RW Data)       5960 (   5.82kB)

==============================================================================

